******************************************************************************
                  TI ARM Linker PC v5.0.4                      
******************************************************************************
>> Linked Fri Sep 27 22:31:13 2013

OUTPUT FILE NAME:   <usb_dev_mame_Ryhs.out>
ENTRY POINT SYMBOL: "_c_int00"  address: 00002601


MEMORY CONFIGURATION

         name            origin    length      used     unused   attr    fill
----------------------  --------  ---------  --------  --------  ----  --------
  FLASH                 00000000   00040000  000036e1  0003c91f  R  X
  SRAM                  20000000   00008000  000009cf  00007631  RW X


SEGMENT ALLOCATION MAP

run origin  load origin   length   init length attrs members
----------  ----------- ---------- ----------- ----- -------
00000000    00000000    000036e8   000036e8    r-x
  00000000    00000000    0000026c   0000026c    r-- .intvecs
  0000026c    0000026c    000030c6   000030c6    r-x .text
  00003334    00003334    00000307   00000307    r-- .const
  00003640    00003640    000000a8   000000a8    r-- .cinit
20000000    20000000    000008a8   00000000    rw-
  20000000    20000000    000006a8   00000000    rw- .bss
  200006a8    200006a8    00000200   00000000    rw- .stack
200008a8    200008a8    00000127   00000127    rw-
  200008a8    200008a8    00000127   00000127    rw- .data


SECTION ALLOCATION MAP

 output                                  attributes/
section   page    origin      length       input sections
--------  ----  ----------  ----------   ----------------
.intvecs   0    00000000    0000026c     
                  00000000    0000026c     startup_ccs.obj (.intvecs)

.init_array 
*          0    00000000    00000000     UNINITIALIZED

.text      0    0000026c    000030c6     
                  0000026c    000001ec     usb_dev_mame.obj (.text:main)
                  00000458    00000164     uartstdio.obj (.text:UARTStdioIntHandler)
                  000005bc    00000160     usblib.lib : usbdenum.obj (.text:USBDEP0StateTxConfig)
                  0000071c    00000154     usb_dev_mame.obj (.text:CustomHidChangeHandler)
                  00000870    00000140     usblib.lib : usbdconfig.obj (.text:USBDeviceConfig)
                  000009b0    0000010e                : usbdhid.obj (.text:HandleRequest)
                  00000abe    00000002     startup_ccs.obj (.text:FaultISR)
                  00000ac0    00000100     Mame_pins.obj (.text:PortFunctionInit)
                  00000bc0    000000e0     usblib.lib : usbdhid.obj (.text:USBDHIDCompositeInit)
                  00000ca0    000000e0                : usbdenum.obj (.text:USBDeviceEnumHandler)
                  00000d80    000000dc                : usbdenum.obj (.text:USBDGetDescriptor)
                  00000e5c    000000d8                : usbdenum.obj (.text:USBDCDInit)
                  00000f34    000000d8                : usbdenum.obj (.text:USBDeviceIntHandlerInternal)
                  0000100c    000000c8                : usbdma.obj (.text:USBLibDMAInit)
                  000010d4    000000c0                : usbdma.obj (.text:uDMAUSBChannelAllocate)
                  00001194    000000bc     usb_dev_mame.obj (.text:DebounceSwitches)
                  00001250    000000bc     usb_dev_mame.obj (.text:StoreSwitches)
                  0000130c    000000ba     usblib.lib : usbdma.obj (.text:uDMAUSBTransfer)
                  000013c6    000000b8     driverlib.lib : gpio.obj (.text:GPIOPadConfigSet)
                  0000147e    00000002     startup_ccs.obj (.text:IntDefaultHandler)
                  00001480    000000a4     uartstdio.obj (.text:UARTwrite)
                  00001524    0000009c     rtsv7M4_T_le_v4SPD16_eabi.lib : memcpy_t2.obj (.text)
                  000015c0    00000098     usblib.lib : usbdenum.obj (.text:USBDSetInterface)
                  00001658    00000094     uartstdio.obj (.text:UARTPrimeTransmit)
                  000016ec    00000094     rtsv7M4_T_le_v4SPD16_eabi.lib : auto_init.obj (.text)
                  00001780    0000008c     usblib.lib : usbdhid.obj (.text:ProcessIdleTimers)
                  0000180c    0000008c                : usbdenum.obj (.text:USBDSetConfiguration)
                  00001898    0000008c                : usbdconfig.obj (.text:USBDeviceConfigAlternate)
                  00001924    00000080                : usbdhidmame.obj (.text:USBDHIDCustomHidCompositeInit)
                  000019a4    00000080     driverlib.lib : udma.obj (.text:uDMAChannelTransferSet)
                  00001a24    00000078     usblib.lib : usbdenum.obj (.text:USBDClearFeature)
                  00001a9c    00000072     driverlib.lib : usb.obj (.text:USBDevEndpointConfigSet)
                  00001b0e    00000072     usblib.lib : usbdma.obj (.text:uDMAUSBArbSizeSet)
                  00001b80    00000070                : usbdenum.obj (.text:USBDEP0StateTx)
                  00001bf0    00000070                : usbdenum.obj (.text:USBDGetStatus)
                  00001c60    00000070                : usbdma.obj (.text:uDMAUSBUnitSizeSet)
                  00001cd0    00000064                : usbdhidmame.obj (.text:HIDCustomHidRxHandler)
                  00001d34    00000064     driverlib.lib : interrupt.obj (.text:IntIsEnabled)
                  00001d98    00000064     usblib.lib : usbdhidmame.obj (.text:USBDHIDCustomHidStateChange)
                  00001dfc    00000064                : usbdenum.obj (.text:USBDSetFeature)
                  00001e60    00000064                : usbdma.obj (.text:uDMAUSBChannelEnable)
                  00001ec4    00000060                : usbdhid.obj (.text:HandleGetDescriptor)
                  00001f24    00000060     driverlib.lib : interrupt.obj (.text:IntDisable)
                  00001f84    00000060                   : interrupt.obj (.text:IntEnable)
                  00001fe4    00000060     usblib.lib : usbdenum.obj (.text:USBDReadAndDispatchRequest)
                  00002044    0000005e     driverlib.lib : usb.obj (.text:USBDevEndpointStatusClear)
                  000020a2    0000005e     rtsv7M4_T_le_v4SPD16_eabi.lib : copy_decompress_rle.obj (.text)
                  00002100    0000005c     usblib.lib : usbdhid.obj (.text:FindHIDDescriptor)
                  0000215c    0000005c                : usbdenum.obj (.text:USBDStringIndexFromRequest)
                  000021b8    00000058                : usbdhid.obj (.text:ProcessDataFromHost)
                  00002210    00000054                : usbdhid.obj (.text:ProcessDataToHost)
                  00002264    00000054                : usbdma.obj (.text:uDMAUSBChannelRelease)
                  000022b8    00000050     driverlib.lib : sysctl.obj (.text:SysCtlPeripheralReset)
                  00002308    00000050     usblib.lib : usbdcdesc.obj (.text:USBDCDConfigDescGet)
                  00002358    00000050                : usbdenum.obj (.text:USBDeviceResumeTickHandler)
                  000023a8    0000004c                : usbdcdesc.obj (.text:ConfigAlternateInterfaceGet)
                  000023f4    0000004c     usb_dev_mame.obj (.text:CustomHidHandler)
                  00002440    0000004c     usblib.lib : usbdconfig.obj (.text:GetEPDescriptorType)
                  0000248c    0000004c     driverlib.lib : usb.obj (.text:USBDevEndpointStallClear)
                  000024d8    0000004c                   : usb.obj (.text:USBEndpointDMAConfigSet)
                  00002524    0000004a     usblib.lib : usbdhid.obj (.text:USBDHIDReportWrite)
                  0000256e    0000004a                : usbdma.obj (.text:uDMAUSBChannelDisable)
                  000025b8    00000048     driverlib.lib : gpio.obj (.text:GPIOPinConfigure)
                  00002600    00000048     rtsv7M4_T_le_v4SPD16_eabi.lib : boot.obj (.text)
                  00002648    00000048     driverlib.lib : udma.obj (.text:uDMAChannelAttributeDisable)
                  00002690    00000044     usblib.lib : usbdenum.obj (.text:USBDeviceEnumResetHandler)
                  000026d4    00000044     driverlib.lib : usb.obj (.text:USBEndpointDataGet)
                  00002718    00000044     rtsv7M4_T_le_v4SPD16_eabi.lib : cpy_tbl.obj (.text)
                  0000275c    00000042     usblib.lib : usbdhid.obj (.text:SetIdleTimeout)
                  0000279e    00000002     startup_ccs.obj (.text:NmiSR)
                  000027a0    00000040     usblib.lib : usbdenum.obj (.text:USBDGetInterface)
                  000027e0    00000040     rtsv7M4_T_le_v4SPD16_eabi.lib : exit.obj (.text)
                  00002820    0000003e     usblib.lib : usbdhid.obj (.text:ScheduleReportTransmission)
                  0000285e    0000003a                : usbdcdesc.obj (.text:USBDCDConfigGetInterfaceEndpoint)
                  00002898    0000003a     driverlib.lib : usb.obj (.text:USBFIFOConfigSet)
                  000028d2    00000002     usblib.lib : usbdma.obj (.text:uDMAUSBChannelIntDisable)
                  000028d4    00000038                : usbdenum.obj (.text:USBDCDRemoteWakeupRequest)
                  0000290c    00000038     driverlib.lib : usb.obj (.text:USBIntStatusControl)
                  00002944    00000036     usblib.lib : usbdhid.obj (.text:HandleEndpoints)
                  0000297a    00000002                : usbdma.obj (.text:uDMAUSBChannelIntEnable)
                  0000297c    00000034                : usbdhid.obj (.text:HIDTickHandler)
                  000029b0    00000034                : usbtick.obj (.text:InternalUSBStartOfFrameTick)
                  000029e4    00000034     driverlib.lib : sysctl.obj (.text:SysCtlPeripheralEnable)
                  00002a18    00000034     usblib.lib : usbdhidmame.obj (.text:USBDHIDCustomHidInit)
                  00002a4c    00000032                : usbdhid.obj (.text:ClearReportTimer)
                  00002a7e    00000032                : usbdcdesc.obj (.text:NextConfigDescGet)
                  00002ab0    00000032     driverlib.lib : usb.obj (.text:USBDevEndpointStall)
                  00002ae2    00000030     usblib.lib : usbdma.obj (.text:DMAUSBIntHandler)
                  00002b12    00000030                : usbdhid.obj (.text:HandleConfigChange)
                  00002b42    00000030                : usbdhid.obj (.text:HandleDevice)
                  00002b72    00000002     --HOLE-- [fill = 0]
                  00002b74    00000030                : usbtick.obj (.text:InternalUSBTickInit)
                  00002ba4    00000030                : usbdenum.obj (.text:USBDGetConfiguration)
                  00002bd4    00000030     driverlib.lib : usb.obj (.text:USBEndpointDataPut)
                  00002c04    0000002e                   : usb.obj (.text:USBEndpointDataSend)
                  00002c32    0000002c     usblib.lib : usbdesc.obj (.text:USBDescGet)
                  00002c5e    0000002c                : usbdma.obj (.text:uDMAUSBIntStatus)
                  00002c8a    0000002a     driverlib.lib : gpio.obj (.text:GPIODirModeSet)
                  00002cb4    0000002a     usblib.lib : usbdcdesc.obj (.text:USBDCDConfigDescGetNum)
                  00002cde    00000002     --HOLE-- [fill = 0]
                  00002ce0    00000028                : usbtick.obj (.text:InternalUSBRegisterTickHandler)
                  00002d08    00000028     usb_dev_mame.obj (.text:SendHIDReport)
                  00002d30    00000028     usblib.lib : usbdesc.obj (.text:USBDescGetNum)
                  00002d58    00000028     driverlib.lib : usb.obj (.text:USBIntEnableControl)
                  00002d80    00000028                   : udma.obj (.text:uDMAChannelModeGet)
                  00002da8    00000026     usblib.lib : usbdhid.obj (.text:GetIdleTimeout)
                  00002dce    00000026                : usbdhid.obj (.text:HandleEP0DataReceived)
                  00002df4    00000026                : usbdhid.obj (.text:USBDHIDInit)
                  00002e1a    00000002     --HOLE-- [fill = 0]
                  00002e1c    00000024                : usbdenum.obj (.text:USBDCDDeviceInfoInit)
                  00002e40    00000024                : usbdenum.obj (.text:USBDSetAddress)
                  00002e64    00000024     driverlib.lib : usb.obj (.text:USBDevEndpointDataAck)
                  00002e88    00000024                   : usb.obj (.text:USBEndpointDMADisable)
                  00002eac    00000024                   : usb.obj (.text:USBEndpointDMAEnable)
                  00002ed0    00000024                   : udma.obj (.text:uDMAChannelControlSet)
                  00002ef4    00000022     usblib.lib : usbdma.obj (.text:uDMAUSBChannelStatus)
                  00002f16    00000020                : usbdconfig.obj (.text:GetEndpointFIFOSize)
                  00002f36    00000002     --HOLE-- [fill = 0]
                  00002f38    00000020                : usbmode.obj (.text:USBStackModeSet)
                  00002f58    0000001e                : usbdhid.obj (.text:HandleDisconnect)
                  00002f76    0000001e                : usbdhid.obj (.text:HandleEP0DataSent)
                  00002f94    0000001c                : usbdhid.obj (.text:ClearIdleTimers)
                  00002fb0    0000001c                : usbdhid.obj (.text:SetDeferredOpFlag)
                  00002fcc    0000001c                : usbdcdesc.obj (.text:USBDCDConfigGetInterface)
                  00002fe8    0000001c                : usbdenum.obj (.text:USBDCDStallEP0)
                  00003004    0000001c     driverlib.lib : usb.obj (.text:USBEndpointDataAvail)
                  00003020    0000001a     usblib.lib : usbdhidmame.obj (.text:HIDCustomHidTxHandler)
                  0000303a    0000001a     uartstdio.obj (.text:IsBufferFull)
                  00003054    0000001a     driverlib.lib : usb.obj (.text:USBEndpointDMAChannel)
                  0000306e    00000002     --HOLE-- [fill = 0]
                  00003070    00000018     usblib.lib : usbdhandler.obj (.text:USB0DeviceIntHandler)
                  00003088    00000018                : usbdcdesc.obj (.text:USBDCDConfigDescGetSize)
                  000030a0    00000018                : usbdenum.obj (.text:USBDSetDescriptor)
                  000030b8    00000018                : usbdenum.obj (.text:USBDSyncFrame)
                  000030d0    00000018     rtsv7M4_T_le_v4SPD16_eabi.lib : args_main.obj (.text)
                  000030e8    00000018     driverlib.lib : udma.obj (.text:uDMAChannelDisable)
                  00003100    00000018                   : udma.obj (.text:uDMAChannelEnable)
                  00003118    00000014     usblib.lib : usbdenum.obj (.text:USBDCDRequestDataEP0)
                  0000312c    00000014     driverlib.lib : usb.obj (.text:USBHostResume)
                  00003140    00000014                   : usb.obj (.text:USBIntEnableEndpoint)
                  00003154    00000014                   : usb.obj (.text:_USBIndexWrite)
                  00003168    00000014     rtsv7M4_T_le_v4SPD16_eabi.lib : _lock.obj (.text)
                  0000317c    00000012     driverlib.lib : gpio.obj (.text:GPIOPinTypeGPIOInput)
                  0000318e    00000012                   : gpio.obj (.text:GPIOPinTypeGPIOOutput)
                  000031a0    00000012                   : gpio.obj (.text:GPIOPinTypeQEI)
                  000031b2    00000012                   : gpio.obj (.text:GPIOPinTypeUSBAnalog)
                  000031c4    00000012     usblib.lib : usbdhid.obj (.text:HandleResume)
                  000031d6    00000012                : usbdhid.obj (.text:HandleSuspend)
                  000031e8    00000012     rtsv7M4_T_le_v4SPD16_eabi.lib : copy_zero_init.obj (.text:decompress:ZI)
                  000031fa    00000002     --HOLE-- [fill = 0]
                  000031fc    00000010     driverlib.lib : sysctl.obj (.text:SysCtlUSBPLLEnable)
                  0000320c    00000010     usb_dev_mame.obj (.text:SysTickIntHandler)
                  0000321c    00000010     usblib.lib : usbdenum.obj (.text:USBDCDSendDataEP0)
                  0000322c    00000010     driverlib.lib : usb.obj (.text:USBEndpointStatus)
                  0000323c    0000000e     usblib.lib : usbdma.obj (.text:DMAUSBIntStatusClear)
                  0000324a    0000000e     uartstdio.obj (.text:IsBufferEmpty)
                  00003258    0000000e     driverlib.lib : qei.obj (.text:QEIConfigure)
                  00003266    0000000e     usblib.lib : usbdhidmame.obj (.text:USBDHIDCustomHidRemoteWakeupRequest)
                  00003274    0000000e                : usbdhid.obj (.text:USBDHIDTxPacketAvailable)
                  00003282    0000000e     rtsv7M4_T_le_v4SPD16_eabi.lib : copy_decompress_none.obj (.text:decompress:none)
                  00003290    0000000c     driverlib.lib : cpu.obj (.text:CPUcpsie)
                  0000329c    0000000c                   : usb.obj (.text:USBEndpointPacketCountSet)
                  000032a8    0000000a                   : interrupt.obj (.text:IntMasterEnable)
                  000032b2    0000000a                   : qei.obj (.text:QEIDisable)
                  000032bc    0000000a                   : qei.obj (.text:QEIEnable)
                  000032c6    0000000a                   : qei.obj (.text:QEIIntDisable)
                  000032d0    0000000a                   : usb.obj (.text:USBDevConnect)
                  000032da    0000000a                   : usb.obj (.text:USBDevDisconnect)
                  000032e4    0000000a                   : usb.obj (.text:USBIntStatusEndpoint)
                  000032ee    00000008                   : usb.obj (.text:USBDevMode)
                  000032f6    00000008                   : usb.obj (.text:USBFIFOAddrGet)
                  000032fe    00000008                   : usb.obj (.text:USBOTGMode)
                  00003306    00000006                   : gpio.obj (.text:GPIOPinRead)
                  0000330c    00000006     startup_ccs.obj (.text:ResetISR)
                  00003312    00000006     usblib.lib : usbdhid.obj (.text:USBDHIDRemoteWakeupRequest)
                  00003318    00000006     rtsv7M4_T_le_v4SPD16_eabi.lib : copy_decompress_rle.obj (.text:decompress:rle24)
                  0000331e    00000004     usblib.lib : usbdma.obj (.text:DMAUSBStatus)
                  00003322    00000004                : usbdhid.obj (.text:HandleReset)
                  00003326    00000004     driverlib.lib : qei.obj (.text:QEIPositionGet)
                  0000332a    00000004                   : qei.obj (.text:QEIPositionSet)
                  0000332e    00000004                   : usb.obj (.text:USBDevAddrSet)

.const     0    00003334    00000307     
                  00003334    00000098     usblib.lib : usbdhidmame.obj (.const:.string:g_pui8CustomHidReportDescriptor)
                  000033cc    00000078     driverlib.lib : gpio.obj (.const:g_pui32GPIOBaseAddrs)
                  00003444    00000070                   : interrupt.obj (.const)
                  000034b4    00000048     usb_mame_structs.obj (.const:.string)
                  000034fc    00000034     usblib.lib : usbdenum.obj (.const:g_psUSBDStdRequests)
                  00003530    00000030                : usbdhid.obj (.const:g_sHIDHandlers)
                  00003560    0000002e     usb_mame_structs.obj (.const:.string:g_pui8ConfigString)
                  0000358e    00000002     --HOLE-- [fill = 0]
                  00003590    0000002c     usblib.lib : usbdhidmame.obj (.const)
                  000035bc    00000028     uartstdio.obj (.const)
                  000035e4    00000024     usb_mame_structs.obj (.const:.string:g_pui8ManufacturerString)
                  00003608    00000018     usb_mame_structs.obj (.const)
                  00003620    00000012     uartstdio.obj (.const:.string)
                  00003632    00000002     --HOLE-- [fill = 0]
                  00003634    00000007     usblib.lib : usbdhidmame.obj (.const:.string)

.cinit     0    00003640    000000a8     
                  00003640    00000082     (.cinit..data.load) [load image, compression = rle]
                  000036c2    00000002     --HOLE-- [fill = 0]
                  000036c4    0000000c     (__TI_handler_table)
                  000036d0    00000008     (.cinit..bss.load) [load image, compression = zero_init]
                  000036d8    00000010     (__TI_cinit_table)

.bss       0    20000000    000006a8     UNINITIALIZED
                  20000000    00000400     uartstdio.obj (.bss:g_pcUARTTxBuffer)
                  20000400    00000110     usblib.lib : usbdma.obj (.bss:g_psUSBDMAInst)
                  20000510    00000080     uartstdio.obj (.bss:g_pcUARTRxBuffer)
                  20000590    00000048     usblib.lib : usbdenum.obj (.bss:g_psDCDInst)
                  200005d8    00000046     usb_dev_mame.obj (.bss)
                  2000061e    00000040     usblib.lib : usbdenum.obj (.bss:g_pui8DataBufferIn)
                  2000065e    00000002     --HOLE--
                  20000660    00000030                : usbtick.obj (.bss)
                  20000690    0000000c                : usbmode.obj (.bss)
                  2000069c    00000008     uartstdio.obj (.bss)
                  200006a4    00000004     usblib.lib : usbdenum.obj (.bss)

.stack     0    200006a8    00000200     UNINITIALIZED
                  200006a8    00000200     --HOLE--

.data      0    200008a8    00000127     
                  200008a8    00000094     usb_mame_structs.obj (.data:g_sCustomHidDevice)
                  2000093c    00000034     usblib.lib : usbdhidmame.obj (.data)
                  20000970    00000015     uartstdio.obj (.data)
                  20000985    00000003     --HOLE--
                  20000988    00000012     usblib.lib : usbdhid.obj (.data)
                  2000099a    00000002     --HOLE--
                  2000099c    0000000c                : usbtick.obj (.data)
                  200009a8    00000009                : usbmode.obj (.data)
                  200009b1    00000003     --HOLE--
                  200009b4    00000008     rtsv7M4_T_le_v4SPD16_eabi.lib : _lock.obj (.data)
                  200009bc    00000008                                   : exit.obj (.data)
                  200009c4    00000004                                   : stkdepth_vars.obj (.data)
                  200009c8    00000004     usblib.lib : usbdenum.obj (.data)
                  200009cc    00000003     usb_dev_mame.obj (.data)


LINKER GENERATED COPY TABLES

__TI_cinit_table @ 000036d8 records: 2, size/record: 8, table size: 16
	.data: load addr=00003640, load size=00000082 bytes, run addr=200008a8, run size=00000127 bytes, compression=rle
	.bss: load addr=000036d0, load size=00000008 bytes, run addr=20000000, run size=000006a8 bytes, compression=zero_init


LINKER GENERATED HANDLER TABLE

__TI_handler_table @ 000036c4 records: 3, size/record: 4, table size: 12
	index: 0, handler: __TI_decompress_rle24
	index: 1, handler: __TI_decompress_none
	index: 2, handler: __TI_zero_init


GLOBAL SYMBOLS: SORTED ALPHABETICALLY BY Name 

address    name
--------   ----
000027e1   C$$EXIT
00003291   CPUcpsie
0000071d   CustomHidChangeHandler
000023f5   CustomHidHandler
00001195   DebounceSwitches
00002c8b   GPIODirModeSet
000013c7   GPIOPadConfigSet
000025b9   GPIOPinConfigure
00003307   GPIOPinRead
0000317d   GPIOPinTypeGPIOInput
0000318f   GPIOPinTypeGPIOOutput
000031a1   GPIOPinTypeQEI
000031b3   GPIOPinTypeUSBAnalog
00001f25   IntDisable
00001f85   IntEnable
00001d35   IntIsEnabled
000032a9   IntMasterEnable
00002ce1   InternalUSBRegisterTickHandler
000029b1   InternalUSBStartOfFrameTick
00002b75   InternalUSBTickInit
00000ac1   PortFunctionInit
00003259   QEIConfigure
000032b3   QEIDisable
000032bd   QEIEnable
000032c7   QEIIntDisable
00003327   QEIPositionGet
0000332b   QEIPositionSet
0000330d   ResetISR
UNDEFED    SHT$$INIT_ARRAY$$Base
UNDEFED    SHT$$INIT_ARRAY$$Limit
00002d09   SendHIDReport
00001251   StoreSwitches
000029e5   SysCtlPeripheralEnable
000022b9   SysCtlPeripheralReset
000031fd   SysCtlUSBPLLEnable
0000320d   SysTickIntHandler
00000459   UARTStdioIntHandler
00001481   UARTwrite
00003071   USB0DeviceIntHandler
00002309   USBDCDConfigDescGet
00002cb5   USBDCDConfigDescGetNum
00003089   USBDCDConfigDescGetSize
00002fcd   USBDCDConfigGetInterface
0000285f   USBDCDConfigGetInterfaceEndpoint
00002e1d   USBDCDDeviceInfoInit
00000e5d   USBDCDInit
000028d5   USBDCDRemoteWakeupRequest
00003119   USBDCDRequestDataEP0
0000321d   USBDCDSendDataEP0
00002fe9   USBDCDStallEP0
00000bc1   USBDHIDCompositeInit
00001925   USBDHIDCustomHidCompositeInit
00002a19   USBDHIDCustomHidInit
00003267   USBDHIDCustomHidRemoteWakeupRequest
00001d99   USBDHIDCustomHidStateChange
00002df5   USBDHIDInit
00003313   USBDHIDRemoteWakeupRequest
00002525   USBDHIDReportWrite
00003275   USBDHIDTxPacketAvailable
00002c33   USBDescGet
00002d31   USBDescGetNum
0000332f   USBDevAddrSet
000032d1   USBDevConnect
000032db   USBDevDisconnect
00001a9d   USBDevEndpointConfigSet
00002e65   USBDevEndpointDataAck
00002ab1   USBDevEndpointStall
0000248d   USBDevEndpointStallClear
00002045   USBDevEndpointStatusClear
000032ef   USBDevMode
00000871   USBDeviceConfig
00001899   USBDeviceConfigAlternate
00000ca1   USBDeviceEnumHandler
00002691   USBDeviceEnumResetHandler
00000f35   USBDeviceIntHandlerInternal
00002359   USBDeviceResumeTickHandler
00003055   USBEndpointDMAChannel
000024d9   USBEndpointDMAConfigSet
00002e89   USBEndpointDMADisable
00002ead   USBEndpointDMAEnable
00003005   USBEndpointDataAvail
000026d5   USBEndpointDataGet
00002bd5   USBEndpointDataPut
00002c05   USBEndpointDataSend
0000329d   USBEndpointPacketCountSet
0000322d   USBEndpointStatus
000032f7   USBFIFOAddrGet
00002899   USBFIFOConfigSet
0000312d   USBHostResume
00002d59   USBIntEnableControl
00003141   USBIntEnableEndpoint
0000290d   USBIntStatusControl
000032e5   USBIntStatusEndpoint
0000100d   USBLibDMAInit
000032ff   USBOTGMode
00002f39   USBStackModeSet
200008a8   __STACK_END
00000200   __STACK_SIZE
20000aa8   __STACK_TOP
000036d8   __TI_CINIT_Base
000036e8   __TI_CINIT_Limit
000036c4   __TI_Handler_Table_Base
000036d0   __TI_Handler_Table_Limit
00000001   __TI_args_main
000016ed   __TI_auto_init
00003283   __TI_decompress_none
00003319   __TI_decompress_rle24
00000000   __TI_static_base__
000031e9   __TI_zero_init
00001525   __aeabi_memcpy
00001525   __aeabi_memcpy4
00001525   __aeabi_memcpy8
ffffffff   __binit__
ffffffff   __c_args__
200006a8   __stack
000030d1   _args_main
00002601   _c_int00
200009bc   _cleanup_ptr
200009c0   _dtors_ptr
200009b4   _lock
00003177   _nop
0000316f   _register_lock
00003169   _register_unlock
200009b8   _unlock
000027e5   abort
ffffffff   binit
00002719   copy_in
000027ed   exit
200009cc   g_bConnected
2000061d   g_bProgramMode
200009cd   g_bSuspended
2000099c   g_bUSBTimerInitialized
200009ce   g_eCustomHidState
20000694   g_eOTGModeState
200009a8   g_iUSBMode
20000660   g_pfnTickHandlers
00000000   g_pfnVectors
200006a4   g_ppsDevInfo
000035b4   g_ppsHIDConfigDescriptors
00003608   g_ppui8StringDescriptors
20000590   g_psDCDInst
20000958   g_psHIDSections
00003560   g_pui8ConfigString
2000093c   g_pui8CustomHidDescriptor
20000988   g_pui8HIDDeviceDescriptor
00003634   g_pui8HIDInEndpoint
20000945   g_pui8HIDInterface
000034ea   g_pui8HIDInterfaceString
000034b4   g_pui8LangDescriptor
000035e4   g_pui8ManufacturerString
000034b8   g_pui8ProductString
000034d8   g_pui8SeriailNumberString
20000678   g_pvTickInstance
200008a8   g_sCustomHidDevice
20000968   g_sHIDConfigHeader
0000359c   g_sHIDConfigSection
20000950   g_sHIDDescriptorSection
00003530   g_sHIDHandlers
000035ac   g_sHIDInEndpointSection
000035a4   g_sHIDInterfaceSection
200009a0   g_ui32CurrentUSBTick
20000690   g_ui32PollRate
200005d8   g_ui32SysTickCount
200009a4   g_ui32USBSOFCount
200009ac   g_ui32WaitTicks
20000610   g_ui8IndexDebounce
200005e4   g_ui8MouseLastSent
20000619   g_ui8Mouse_Debounced
20000608   g_ui8Mouse_State
200005dc   g_ui8Pad1LastSent
200005e8   g_ui8Pad1_1State
200005f0   g_ui8Pad1_2State
20000611   g_ui8Pad1_Debounced
200005e0   g_ui8Pad2LastSent
200005f8   g_ui8Pad2_1State
20000600   g_ui8Pad2_2State
20000615   g_ui8Pad2_Debounced
0000026d   main
200009c4   main_func_sp
00001525   memcpy
00002649   uDMAChannelAttributeDisable
00002ed1   uDMAChannelControlSet
000030e9   uDMAChannelDisable
00003101   uDMAChannelEnable
00002d81   uDMAChannelModeGet
000019a5   uDMAChannelTransferSet


GLOBAL SYMBOLS: SORTED BY Symbol Address 

address    name
--------   ----
00000000   __TI_static_base__
00000000   g_pfnVectors
00000001   __TI_args_main
00000200   __STACK_SIZE
0000026d   main
00000459   UARTStdioIntHandler
0000071d   CustomHidChangeHandler
00000871   USBDeviceConfig
00000ac1   PortFunctionInit
00000bc1   USBDHIDCompositeInit
00000ca1   USBDeviceEnumHandler
00000e5d   USBDCDInit
00000f35   USBDeviceIntHandlerInternal
0000100d   USBLibDMAInit
00001195   DebounceSwitches
00001251   StoreSwitches
000013c7   GPIOPadConfigSet
00001481   UARTwrite
00001525   __aeabi_memcpy
00001525   __aeabi_memcpy4
00001525   __aeabi_memcpy8
00001525   memcpy
000016ed   __TI_auto_init
00001899   USBDeviceConfigAlternate
00001925   USBDHIDCustomHidCompositeInit
000019a5   uDMAChannelTransferSet
00001a9d   USBDevEndpointConfigSet
00001d35   IntIsEnabled
00001d99   USBDHIDCustomHidStateChange
00001f25   IntDisable
00001f85   IntEnable
00002045   USBDevEndpointStatusClear
000022b9   SysCtlPeripheralReset
00002309   USBDCDConfigDescGet
00002359   USBDeviceResumeTickHandler
000023f5   CustomHidHandler
0000248d   USBDevEndpointStallClear
000024d9   USBEndpointDMAConfigSet
00002525   USBDHIDReportWrite
000025b9   GPIOPinConfigure
00002601   _c_int00
00002649   uDMAChannelAttributeDisable
00002691   USBDeviceEnumResetHandler
000026d5   USBEndpointDataGet
00002719   copy_in
000027e1   C$$EXIT
000027e5   abort
000027ed   exit
0000285f   USBDCDConfigGetInterfaceEndpoint
00002899   USBFIFOConfigSet
000028d5   USBDCDRemoteWakeupRequest
0000290d   USBIntStatusControl
000029b1   InternalUSBStartOfFrameTick
000029e5   SysCtlPeripheralEnable
00002a19   USBDHIDCustomHidInit
00002ab1   USBDevEndpointStall
00002b75   InternalUSBTickInit
00002bd5   USBEndpointDataPut
00002c05   USBEndpointDataSend
00002c33   USBDescGet
00002c8b   GPIODirModeSet
00002cb5   USBDCDConfigDescGetNum
00002ce1   InternalUSBRegisterTickHandler
00002d09   SendHIDReport
00002d31   USBDescGetNum
00002d59   USBIntEnableControl
00002d81   uDMAChannelModeGet
00002df5   USBDHIDInit
00002e1d   USBDCDDeviceInfoInit
00002e65   USBDevEndpointDataAck
00002e89   USBEndpointDMADisable
00002ead   USBEndpointDMAEnable
00002ed1   uDMAChannelControlSet
00002f39   USBStackModeSet
00002fcd   USBDCDConfigGetInterface
00002fe9   USBDCDStallEP0
00003005   USBEndpointDataAvail
00003055   USBEndpointDMAChannel
00003071   USB0DeviceIntHandler
00003089   USBDCDConfigDescGetSize
000030d1   _args_main
000030e9   uDMAChannelDisable
00003101   uDMAChannelEnable
00003119   USBDCDRequestDataEP0
0000312d   USBHostResume
00003141   USBIntEnableEndpoint
00003169   _register_unlock
0000316f   _register_lock
00003177   _nop
0000317d   GPIOPinTypeGPIOInput
0000318f   GPIOPinTypeGPIOOutput
000031a1   GPIOPinTypeQEI
000031b3   GPIOPinTypeUSBAnalog
000031e9   __TI_zero_init
000031fd   SysCtlUSBPLLEnable
0000320d   SysTickIntHandler
0000321d   USBDCDSendDataEP0
0000322d   USBEndpointStatus
00003259   QEIConfigure
00003267   USBDHIDCustomHidRemoteWakeupRequest
00003275   USBDHIDTxPacketAvailable
00003283   __TI_decompress_none
00003291   CPUcpsie
0000329d   USBEndpointPacketCountSet
000032a9   IntMasterEnable
000032b3   QEIDisable
000032bd   QEIEnable
000032c7   QEIIntDisable
000032d1   USBDevConnect
000032db   USBDevDisconnect
000032e5   USBIntStatusEndpoint
000032ef   USBDevMode
000032f7   USBFIFOAddrGet
000032ff   USBOTGMode
00003307   GPIOPinRead
0000330d   ResetISR
00003313   USBDHIDRemoteWakeupRequest
00003319   __TI_decompress_rle24
00003327   QEIPositionGet
0000332b   QEIPositionSet
0000332f   USBDevAddrSet
000034b4   g_pui8LangDescriptor
000034b8   g_pui8ProductString
000034d8   g_pui8SeriailNumberString
000034ea   g_pui8HIDInterfaceString
00003530   g_sHIDHandlers
00003560   g_pui8ConfigString
0000359c   g_sHIDConfigSection
000035a4   g_sHIDInterfaceSection
000035ac   g_sHIDInEndpointSection
000035b4   g_ppsHIDConfigDescriptors
000035e4   g_pui8ManufacturerString
00003608   g_ppui8StringDescriptors
00003634   g_pui8HIDInEndpoint
000036c4   __TI_Handler_Table_Base
000036d0   __TI_Handler_Table_Limit
000036d8   __TI_CINIT_Base
000036e8   __TI_CINIT_Limit
20000590   g_psDCDInst
200005d8   g_ui32SysTickCount
200005dc   g_ui8Pad1LastSent
200005e0   g_ui8Pad2LastSent
200005e4   g_ui8MouseLastSent
200005e8   g_ui8Pad1_1State
200005f0   g_ui8Pad1_2State
200005f8   g_ui8Pad2_1State
20000600   g_ui8Pad2_2State
20000608   g_ui8Mouse_State
20000610   g_ui8IndexDebounce
20000611   g_ui8Pad1_Debounced
20000615   g_ui8Pad2_Debounced
20000619   g_ui8Mouse_Debounced
2000061d   g_bProgramMode
20000660   g_pfnTickHandlers
20000678   g_pvTickInstance
20000690   g_ui32PollRate
20000694   g_eOTGModeState
200006a4   g_ppsDevInfo
200006a8   __stack
200008a8   __STACK_END
200008a8   g_sCustomHidDevice
2000093c   g_pui8CustomHidDescriptor
20000945   g_pui8HIDInterface
20000950   g_sHIDDescriptorSection
20000958   g_psHIDSections
20000968   g_sHIDConfigHeader
20000988   g_pui8HIDDeviceDescriptor
2000099c   g_bUSBTimerInitialized
200009a0   g_ui32CurrentUSBTick
200009a4   g_ui32USBSOFCount
200009a8   g_iUSBMode
200009ac   g_ui32WaitTicks
200009b4   _lock
200009b8   _unlock
200009bc   _cleanup_ptr
200009c0   _dtors_ptr
200009c4   main_func_sp
200009cc   g_bConnected
200009cd   g_bSuspended
200009ce   g_eCustomHidState
20000aa8   __STACK_TOP
ffffffff   __binit__
ffffffff   __c_args__
ffffffff   binit
UNDEFED    SHT$$INIT_ARRAY$$Base
UNDEFED    SHT$$INIT_ARRAY$$Limit

[186 symbols]
